npx : WARN OpenNext is not fully compatible with Windows.
At line:1 char:1
+ npx @opennextjs/cloudflare build 2> build_errors.txt
+ ~~~~~~~~~~~~~~~~~~~~~~~~~~~~~~~~~~~~~~~~~~~~~~~~~~~~
    + CategoryInfo          : NotSpecified: (WARN OpenNext i...e with Windows.:String) [], RemoteException
    + FullyQualifiedErrorId : NativeCommandError
 
WARN For optimal performance, it is recommended to use Windows Subsystem for Linux (WSL).
WARN While OpenNext may function on Windows, it could encounter unpredictable failures during runtime.
X [ERROR] No loader is configured for ".html" files: 
.open-next/server-functions/default/node_modules/@mapbox/node-pre-gyp/lib/util/nw-pre-gyp/index.html

    .open-next/server-functions/default/node_modules/@mapbox/node-pre-gyp/lib/node-pre-gyp.js:86:21:
      86 │       return require('./' + command)(self, argvx, callback);
         ╵                      ~~~~~~~~~~~~~~

X [ERROR] Could not resolve "mock-aws-s3"

    .open-next/server-functions/default/node_modules/@mapbox/node-pre-gyp/lib/util/s3_setup.js:43:28:
      43 │     const AWSMock = require('mock-aws-s3');
         ╵                             ~~~~~~~~~~~~~

  You can mark the path "mock-aws-s3" as external to exclude it from the bundle, which will remove this error and 
leave the unresolved path in the bundle. You can also surround this "require" call with a try/catch block to handle 
this failure at run-time instead of bundle-time.

X [ERROR] Could not resolve "@libsql/isomorphic-ws"

    .open-next/server-functions/default/node_modules/@libsql/hrana-client/lib-esm/index.js:1:26:
      1 │ import { WebSocket } from "@libsql/isomorphic-ws";
        ╵                           ~~~~~~~~~~~~~~~~~~~~~~~

  The module "./web.mjs" was not found on the file system:

    .open-next/server-functions/default/node_modules/@libsql/isomorphic-ws/package.json:24:19:
      24 │         "workerd": "./web.mjs",
         ╵                    ~~~~~~~~~~~

  You can mark the path "@libsql/isomorphic-ws" as external to exclude it from the bundle, which will remove this 
error and leave the unresolved path in the bundle.

X [ERROR] Could not resolve "aws-sdk"

    .open-next/server-functions/default/node_modules/@mapbox/node-pre-gyp/lib/util/s3_setup.js:76:22:
      76 │   const AWS = require('aws-sdk');
         ╵                       ~~~~~~~~~

  You can mark the path "aws-sdk" as external to exclude it from the bundle, which will remove this error and leave 
the unresolved path in the bundle. You can also surround this "require" call with a try/catch block to handle this 
failure at run-time instead of bundle-time.

X [ERROR] Could not resolve "nock"

    .open-next/server-functions/default/node_modules/@mapbox/node-pre-gyp/lib/util/s3_setup.js:112:23:
      112 │   const nock = require('nock');
          ╵                        ~~~~~~

  You can mark the path "nock" as external to exclude it from the bundle, which will remove this error and leave the 
unresolved path in the bundle. You can also surround this "require" call with a try/catch block to handle this failure 
at run-time instead of bundle-time.

C:\DEL\youtube_ecommerce-master\node_modules\esbuild\lib\main.js:1467
  let error = new Error(text);
              ^

Error: Build failed with 5 errors:
.open-next/server-functions/default/node_modules/@libsql/hrana-client/lib-esm/index.js:1:26: ERROR: Could not resolve 
"@libsql/isomorphic-ws"
.open-next/server-functions/default/node_modules/@mapbox/node-pre-gyp/lib/node-pre-gyp.js:86:21: ERROR: No loader is 
configured for ".html" files: 
.open-next/server-functions/default/node_modules/@mapbox/node-pre-gyp/lib/util/nw-pre-gyp/index.html
.open-next/server-functions/default/node_modules/@mapbox/node-pre-gyp/lib/util/s3_setup.js:43:28: ERROR: Could not 
resolve "mock-aws-s3"
.open-next/server-functions/default/node_modules/@mapbox/node-pre-gyp/lib/util/s3_setup.js:76:22: ERROR: Could not 
resolve "aws-sdk"
.open-next/server-functions/default/node_modules/@mapbox/node-pre-gyp/lib/util/s3_setup.js:112:23: ERROR: Could not 
resolve "nock"
    at failureErrorWithLog (C:\DEL\youtube_ecommerce-master\node_modules\esbuild\lib\main.js:1467:15)
    at C:\DEL\youtube_ecommerce-master\node_modules\esbuild\lib\main.js:926:25
    at runOnEndCallbacks (C:\DEL\youtube_ecommerce-master\node_modules\esbuild\lib\main.js:1307:45)
    at buildResponseToResult (C:\DEL\youtube_ecommerce-master\node_modules\esbuild\lib\main.js:924:7)
    at C:\DEL\youtube_ecommerce-master\node_modules\esbuild\lib\main.js:951:16
    at responseCallbacks.<computed> (C:\DEL\youtube_ecommerce-master\node_modules\esbuild\lib\main.js:603:9)
    at handleIncomingPacket (C:\DEL\youtube_ecommerce-master\node_modules\esbuild\lib\main.js:658:12)
    at Socket.readFromStdout (C:\DEL\youtube_ecommerce-master\node_modules\esbuild\lib\main.js:581:7)
    at Socket.emit (node:events:524:28)
    at Socket.emit (node:domain:489:12) {
  errors: [Getter/Setter],
  warnings: [Getter/Setter]
}

Node.js v20.20.1
